../Core/Src/main.c:61:6:delay	16	static
../Core/Src/main.c:69:6:stepper_set_rpm	16	static
../Core/Src/main.c:74:6:stepper_half_drive	16	static
../Core/Src/main.c:134:6:stepper_step_angle	48	static
../Core/Src/main.c:166:5:main	40	static
../Core/Src/main.c:320:6:SystemClock_Config	72	static
../Core/Src/main.c:360:13:MX_I2C1_Init	8	static
../Core/Src/main.c:394:13:MX_TIM1_Init	32	static
../Core/Src/main.c:440:13:MX_GPIO_Init	40	static
../Core/Src/main.c:477:6:Error_Handler	4	static,ignoring_inline_asm
